// Jest Snapshot v1, https://goo.gl/fbAQLP

exports[`CitiesList should render correctly 1`] = `[Function]`;
