// Jest Snapshot v1, https://goo.gl/fbAQLP

exports[`Render DetailOffer 1`] = `[Function]`;
