// Jest Snapshot v1, https://goo.gl/fbAQLP

exports[`Render OfferCard 1`] = `[Function]`;
