// Jest Snapshot v1, https://goo.gl/fbAQLP

exports[`Render OffersList 1`] = `[Function]`;
