// Jest Snapshot v1, https://goo.gl/fbAQLP

exports[`App should render "pending" 1`] = `"pending"`;

exports[`App should render everything 1`] = `"pending"`;
